// Jest Snapshot v1, https://goo.gl/fbAQLP

exports[`Name of the group Should show correctly with the default values. 1`] = `
<div>
  <h1>
    Search
  </h1>
  <hr />
  <div
    class="row"
  >
    <div
      class="col-5"
    >
      <form>
        <input
          autocomplete="off"
          class="form-control"
          id="search"
          name="searchText"
          placeholder="Find your hero..."
          type="text"
          value=""
        />
        <button
          class="btn mt-2 btn-block btn-outline-primary"
          type="submit"
        >
          Search
        </button>
      </form>
    </div>
    <div
      class="col-7"
    >
      <div
        class="animate__animated animate__fadeIn"
      >
        <div
          class="alert alert-info"
        >
          Search a hero
        </div>
      </div>
    </div>
  </div>
</div>
`;
